WARNING: Image format was not specified for 'F:\boruix-project\systemdisk.img' and probing guessed raw.
         Automatically detecting the format is dangerous for raw images, write operations on block 0 will be restricted.
         Specify the 'raw' format explicitly to remove the restrictions.
WARNING: Image format was not specified for 'F:\boruix-project\disk.img' and probing guessed raw.
         Automatically detecting the format is dangerous for raw images, write operations on block 0 will be restricted.
         Specify the 'raw' format explicitly to remove the restrictions.
[2J[01;01H[=3h[2J[01;01H[2J[01;01H[=3h[2J[01;01H[2J[01;01H[=3h[2J[01;01HBdsDxe: failed to load Boot0001 "UEFI QEMU HARDDISK QM00001 " from PciRoot(0x0)/Pci(0x1,0x1)/Ata(Primary,Master,0x0): Not Found
BdsDxe: loading Boot0003 "EFI Internal Shell" from Fv(7CB8BDC9-F8EB-4F34-AAEA-3EE4AF6516A1)/FvFile(7C04A583-9E3E-4F1C-AD65-E05268D0B4D1)
BdsDxe: starting Boot0003 "EFI Internal Shell" from Fv(7CB8BDC9-F8EB-4F34-AAEA-3EE4AF6516A1)/FvFile(7C04A583-9E3E-4F1C-AD65-E05268D0B4D1)
[2J[01;01H[01;01HUEFI Interactive Shell v2.2
EDK II
UEFI v2.70 (EDK II, 0x00010000)
[1m[33m[40mMapping table[0m[37m[40m
[1m[33m[40m      FS0:[0m[37m[40m [1m[37m[40mAlias(s):[0m[37m[40mHD0c1:;BLK5:
          PciRoot(0x0)/Pci(0x1,0x1)/Ata(0x0)/HD(1,MBR,0xBE1AFDFA,0x3F,0xFBFC1)
[1m[33m[40m     BLK0:[0m[37m[40m [1m[37m[40mAlias(s):[0m[37m[40m
          PciRoot(0x0)/Pci(0x1,0x1)/Ata(0x0)
[1m[33m[40m     BLK2:[0m[37m[40m [1m[37m[40mAlias(s):[0m[37m[40m
          PciRoot(0x0)/Pci(0x1,0x1)/Ata(0x0)
[1m[33m[40m     BLK4:[0m[37m[40m [1m[37m[40mAlias(s):[0m[37m[40m
          PciRoot(0x0)/Pci(0x1,0x1)/Ata(0x0)
[1m[33m[40m     BLK1:[0m[37m[40m [1m[37m[40mAlias(s):[0m[37m[40m
          PciRoot(0x0)/Pci(0x1,0x1)/Ata(0x0)/HD(1,MBR,0x424F5255,0x800,0x1F800)
[1m[33m[40m     BLK3:[0m[37m[40m [1m[37m[40mAlias(s):[0m[37m[40m
          PciRoot(0x0)/Pci(0x1,0x1)/Ata(0x0)/HD(1,MBR,0x424F5255,0x800,0x1D800)
[17;01HPress [1m[37m[40mESC[0m[37m[40m in 5 seconds to skip [1m[33m[40mstartup.nsh[0m[37m[40m or any other key to continue.[17;01HPress [1m[37m[40mESC[0m[37m[40m in 4 seconds to skip [1m[33m[40mstartup.nsh[0m[37m[40m or any other key to continue.[17;01HPress [1m[37m[40mESC[0m[37m[40m in 3 seconds to skip [1m[33m[40mstartup.nsh[0m[37m[40m or any other key to continue.[17;01HPress [1m[37m[40mESC[0m[37m[40m in 2 seconds to skip [1m[33m[40mstartup.nsh[0m[37m[40m or any other key to continue.[17;01HPress [1m[37m[40mESC[0m[37m[40m in 1 seconds to skip [1m[33m[40mstartup.nsh[0m[37m[40m or any other key to continue.
[18;01H[1m[33m[40mShell> [0m[37m[40m[tools] Ç¿ÖÆÖØ½¨´ÅÅÌ¾µÏñ: F:\boruix-project\disk.img (Çå³ý¾ÉÅÌÊý¾Ý)
[tools] Êý¾ÝÅÌÈÝÁ¿°´ÄÚÈÝÍÆËã: 60MB (7 ¸öÎÄ¼þ)
[tools] ÕýÔÚ´´½¨´ÅÅÌ¾µÏñ: F:\boruix-project\disk.img (60MB, 122880 ÉÈÇø)...
[tools] ´ÅÅÌ¾µÏñ´´½¨³É¹¦: F:\boruix-project\disk.img (MBR Partition 1 -> EXT2 FS OK)
[tools] Òýµ¼Æ÷: liftoff (UEFI/OVMF), ESP=F:\boruix-project\esp-liftoff
[tools] ÅÌ²ßÂÔ: redisk + Êý¾ÝÅÌ disk.img
[tools] CPU ÍØÆË: SMP 4 ºË
[tools] Éù¿¨: intel-hda + hda-output -> ±¾»úÀ®°È (dsound)
[tools] ´æ´¢¿ØÖÆÆ÷: PIIX4 IDE (Ä¬ÈÏ)
[tools] Æô¶¯ QEMU: qemu-system-x86_64.exe (boot=c)
