WARNING: Image format was not specified for 'F:\boruix-project\systemdisk.img' and probing guessed raw.
         Automatically detecting the format is dangerous for raw images, write operations on block 0 will be restricted.
         Specify the 'raw' format explicitly to remove the restrictions.
WARNING: Image format was not specified for 'F:\boruix-project\disk.img' and probing guessed raw.
         Automatically detecting the format is dangerous for raw images, write operations on block 0 will be restricted.
         Specify the 'raw' format explicitly to remove the restrictions.
[2J[01;01H[=3h[2J[01;01H[2J[01;01H[=3h[2J[01;01H[2J[01;01H[=3h[2J[01;01HBdsDxe: failed to load Boot0001 "UEFI QEMU HARDDISK QM00001 " from PciRoot(0x0)/Pci(0x1,0x1)/Ata(Primary,Master,0x0): Not Found
BdsDxe: failed to load Boot0002 "UEFI QEMU HARDDISK QM00002 " from PciRoot(0x0)/Pci(0x1,0x1)/Ata(Primary,Slave,0x0): Not Found
BdsDxe: loading Boot0003 "UEFI QEMU QEMU USB HARDDRIVE 1-0000:00:05.0-1" from PciRoot(0x0)/Pci(0x5,0x0)/USB(0x0,0x0)
BdsDxe: starting Boot0003 "UEFI QEMU QEMU USB HARDDRIVE 1-0000:00:05.0-1" from PciRoot(0x0)/Pci(0x5,0x0)/USB(0x0,0x0)
[liftoff] M2b entry
[liftoff] boot services ok
[liftoff] contract: kernel=/boot/kernel base_rev=6
M2A: open failed status=0x800000000000000e
[m2b] block io handles: 7
[m2b] handle 0x63db698: block_size=512 last_block=131071 ro=false
[m2b] handle 0x63d8618: block_size=512 last_block=122879 ro=false
[m2b] handle 0x63d5f18: block_size=2048 last_block=0 ro=true
[m2b] not iso9660 (err 0x13)
[m2b] handle 0x63ddb98: block_size=512 last_block=1032191 ro=false
M2B: mount failed status=0x11
[m2c] mbr disk_id=0x424f5255 partition=1 start_lba=2048
M2C: mount ok
[m9] kernel path=/boot/kernel size=8011504
M2C: len=8011504
M2C: sum=0x39cd
M3: seg0 rel=0x0 size=762840 sum16=0xcc72
M3: seg1 rel=0xbb000 size=4382080 sum16=0x123a
M3: seg2 rel=0x4e9000 size=2614224 sum16=0x4dec
M3: segs=3 entry=0xffffffff8001b590
M3: vbase=0xffffffff80000000 image_size=7762896
M3: base=0x4e00000
M3: total_mem=7759144 total_sum16=0x2c98
M3: total_sum16=0x2c98
[m4] handover begin
[m4] ram_top=0x8000000
[m4] pml4=0x637c000
[m4] final stage
[m4] memmap converted n=26
[m6] x2apic supported=false enabled=false bsp_lapic=0
[m4] smp prepared aps=3
[m4] smp page=0x5de2000
[m4] memmap reconverted n=28
[m4] requests filled=7 baserev=true
[m4] exiting boot services key=0x443f
[m4] EBS ok, jumping entry=0x4e1b590
[m6] ap0 alive=true
[m6] ap1 alive=true
[m6] ap2 alive=true
[terminal] init fb=0xffff800080000000 1280x800 pitch=5120 bpp=32
[terminal] flanterm_fb_init done
[driver_hub] framebuffer terminal & display registered
[driver_hub] init stage=Core driver=framebuffer
[driver_hub] init stage=Core driver=keyboard
[driver_hub] init stage=Core driver=cmos
[driver_hub] init stage=Core driver=pseudo
[pci] 00:00.0 vendor=8086 device=1237 class=06:00 (pci-host-bridge-00-00-0)
[pci] 00:01.0 vendor=8086 device=7000 class=06:01 (pci-isa-bridge-00-01-0)
[pci] 00:01.1 vendor=8086 device=7010 class=01:01 (pci-ide-storage-00-01-1)
[pci] 00:01.3 vendor=8086 device=7113 class=06:80 (pci-bridge-00-01-3)
[uio] device window published: pci-vga-display-00-02-0 phys=0x80000000 len=0x1000000
[pci] 00:02.0 vendor=1234 device=1111 class=03:00 (pci-vga-display-00-02-0)
[uio] device window published: pci-ethernet-00-03-0 phys=0x81040000 len=0x20000
[pci] 00:03.0 vendor=8086 device=100e class=02:00 (pci-ethernet-00-03-0)
[uio] device window published: pci-hda-00-04-0 phys=0x81060000 len=0x4000
[pci] 00:04.0 vendor=8086 device=2668 class=04:03 (pci-hda-00-04-0)
[uio] device window published: pci-device-00-05-0 phys=0xc000000000 len=0x4000
[pci] 00:05.0 vendor=1b36 device=000d class=0c:03 (pci-device-00-05-0)
[pci] scan complete: found and registered 8 devices
[driver_hub] init stage=Devices driver=pci-bus
[driver_hub] init stage=Devices driver=ahci
[driver_hub] init stage=Devices driver=pci-block
[driver_hub] init stage=Devices driver=pci-net
[driver_hub] init stage=Devices driver=pci-display
[driver_hub] bidding: device=pci-ide-storage-00-01-1 evaluating candidate driver=pci-block (score=90)
[pci-candidate] candidacy recorded for block class on 8086:7010 location=0x101 (no hardware control implemented)
[driver_hub] candidate selected: driver=pci-block (score=90) recorded for device=pci-ide-storage-00-01-1 (no hardware control implemented)
[driver_hub] bidding: device=pci-vga-display-00-02-0 evaluating candidate driver=pci-display (score=85)
[pci-candidate] candidacy recorded for display class on 1234:1111 location=0x200 (no hardware control implemented)
[driver_hub] candidate selected: driver=pci-display (score=85) recorded for device=pci-vga-display-00-02-0 (no hardware control implemented)
[driver_hub] bidding: device=pci-ethernet-00-03-0 evaluating candidate driver=pci-net (score=95)
[pci-candidate] candidacy recorded for net class on 8086:100e location=0x300 (no hardware control implemented)
[driver_hub] candidate selected: driver=pci-net (score=95) recorded for device=pci-ethernet-00-03-0 (no hardware control implemented)
[driver_hub] init stage=Late driver=ramdisk
[driver_hub] framework inited: drivers=11 devices=15
Hello, BORUIX!
Kernel M0 is running.
[kmain] serial & driver hub initialized (arch=x86_64)
[cpu] SMEP=false SMAP=false FSGSBASE=false enabled (CR4=0x668)
[mm] HHDM offset: 0xffff800000000000
[mm] kernel image phys base 0x4e00000 (virt 0xffffffff80000000) -> reserving 0x4e00000-0x8e00000 (64 MiB), HHDM 0xffff800000000000
[pmm] TSC freq unknown (CPUID 0x15/0x16 unsupported); timing in cycles only
[pmm] === LazyBuddy init: 28 memory-map entries ===
[pmm] usable regions: 12 (Usable), max phys addr: 0x7edc000 (126 MB)
[pmm] total_frames (max span incl. holes): 32476
[pmm] BuddyFrame size: 40 B, frames_per_block: 102, block covers 417792 B (408 KB)
[pmm] metadata_map_len (logical blocks): 319, needed metadata blocks across usable: 274
[pmm] L1 table: entries=1 size=8 B (1) | L2: entries=1024, blocks_per_l1=2
[pmm] uninit: max_regions=40, array_size=960 B
[pmm] metadata pool: blocks=292, size=1168 KB (needed=274 + pad=16 + l2 for 1 L1)
[pmm]   -- memory map & sizing: 28069754 cycles
[pmm] metadata storage: map=0x900000 (8 B) uninit=0x901000 (960 B) pool=0x902000 (1168 KB)
[pmm] HHDM offset: 0xffff800000000000, metadata L1 @virt 0xffff800000900000, uninit array @virt 0xffff800000901000, pool @virt 0xffff800000902000
[pmm]   -- metadata arrays zeroed: 117646523 cycles
[pmm] reserving kernel image phys 0x4e00000-0x8e00000 (65536 KiB)
[pmm] reserved metadata ranges: map(0x900000-0x900008) uninit(0x901000-0x9013c0) pool(0x902000-0xa26000)
[pmm] == process usable region: phys 0x0-0x70000 (0 MB, 112 frames) ==
[pmm]   process_range 0x0-0x70000 -> blocks [0, 1] (2 blocks)
[pmm]     allocated L2 table for L1[0] @virt 0xffff800000902000 (2 blocks)
[pmm]     built 1 L2 tables, cumulative metadata blocks: 2
[pmm]     uninit region #0: pfn 0..112 -> phys 0x0-0x70000 (112 frames, 0 MB)
[pmm] == process usable region: phys 0x73000-0xa0000 (0 MB, 45 frames) ==
[pmm]   process_range 0x73000-0xa0000 -> blocks [1, 1] (1 blocks)
[pmm]     uninit region #1: pfn 115..160 -> phys 0x73000-0xa0000 (45 frames, 0 MB)
[pmm] == process usable region: phys 0x100000-0x800000 (7 MB, 1792 frames) ==
[pmm]   process_range 0x100000-0x800000 -> blocks [2, 20] (19 blocks)
[pmm]     uninit region #2: pfn 256..2048 -> phys 0x100000-0x800000 (1792 frames, 7 MB)
[pmm] == process usable region: phys 0x808000-0x80b000 (0 MB, 3 frames) ==
[pmm]   process_range 0x808000-0x80b000 -> blocks [20, 20] (1 blocks)
[pmm]     uninit region #3: pfn 2056..2059 -> phys 0x808000-0x80b000 (3 frames, 0 MB)
[pmm] == process usable region: phys 0x80c000-0x811000 (0 MB, 5 frames) ==
[pmm]   process_range 0x80c000-0x811000 -> blocks [20, 20] (1 blocks)
[pmm]     uninit region #4: pfn 2060..2065 -> phys 0x80c000-0x811000 (5 frames, 0 MB)
[pmm] == process usable region: phys 0x900000-0x4c92000 (67 MB, 17298 frames) ==
[pmm]   process_range 0xa26000-0x4c92000 -> blocks [25, 192] (168 blocks)
[pmm]     uninit region #5: pfn 2598..19602 -> phys 0xa26000-0x4c92000 (17004 frames, 66 MB)
[pmm] == process usable region: phys 0x5de0000-0x5de1000 (0 MB, 1 frames) ==
[pmm] == process usable region: phys 0x5ded000-0x637b000 (5 MB, 1422 frames) ==
[pmm] == process usable region: phys 0x637e000-0x6a2e000 (6 MB, 1712 frames) ==
[pmm] == process usable region: phys 0x6aef000-0x74ed000 (9 MB, 2558 frames) ==
[pmm] == process usable region: phys 0x77ff000-0x7e80000 (6 MB, 1665 frames) ==
[pmm] == process usable region: phys 0x7e86000-0x7edc000 (0 MB, 86 frames) ==
[pmm]   -- process usable regions (727375675 cycles): blocks_allocated=189 / 319 uninit_regions=6
[pmm] Metadata blocks allocated: 189 / 319
[pmm] Initialized with 6 regions (Capacity: 40)
PMM: Reserved 32 emergency pages (pfn 0..31 = phys 0x0-0x1f000)
PMM: Reserved 16 critical emergency pages (pfn 32..47 = phys 0x20000-0x2f000)
[pmm] === LazyBuddy init done (total 1037681925 cycles) ===
[mm] memory manager initialized
[acpi] RSDP rev=2 rsdt=0x777d074 xsdt=0x777d0e8
[acpi] XSDT: 5 entries
[acpi] FADT at 0x7779000
[acpi] HPET: base=0xfed00000 period=4275044352fs comparators=1 rev=0x8086a201 page_protect=0
[acpi] FADT: dsdt=0x777a000 pm1a_cnt=0xb004 pm1b_cnt=0x0 reset=None
[acpi] S5: pm1a=0xb004 slp_typa=0 slp_typb=0
[acpi] initialized (rev=2)
[kmain] kernel stack guard armed at 0xffffffff80665000..0xffffffff80666000
[mmio] 4K map verified: phys 0x0 -> virt 0xffffffff01000000
[ahci] no AHCI controller found on PCI bus
[ata_pio] ATA ata0 hardware identified: 131072 sectors (64 MB), LBA28 domain
[ata_pio] ATA ata1 hardware identified: 122880 sectors (60 MB), LBA28 domain
[ata_pio] ATAPI packet device detected on 'ata2'; handing to atapi_cdrom
[atapi] cd1 READ CAPACITY failed; medium absent?
[kmain] storage stack ready: 0 AHCI disk(s)
[hpet] enabled: base=0xfed00000 period=10000000fs counter=19100
[kmain] enabling interrupts (LAPIC timer ~100Hz)
[lapic] mapped to 0xffff8000fee00000
[lapic] bus freq calibrated via HPET = 1007235000 Hz
[lapic] calibrated LAPIC bus freq = 1007235000 Hz
[lapic] clock source: HPET (1 GHz ns clock)
[lapic] LINT0 configured as ExtINT (8259 source)
[lapic] per-core timer started (slot 0 @ ~100 Hz)
[lapic] LAPIC timer initialized (BSP)
[percpu] GS foundation enabled on slot 0 (gs_base=0xffffffff805438c0, kstack_top=0xffffffff80770000)
[syscall] MSRs configured=true SCE=true STAR=0x28000800000000 LSTAR=0xffffffff80092ddd FMASK=0x300
[kmain] RTC wall clock 2026-09-30 07:44:38
[kmain] wall clock epoch = 1790754278 (Unix secs)
[kmain] monotonic clock ready: now=121928700 ns (122 ms since boot)
[boot] install mode detected: boot disk mbr_disk_id=0x424f5255 partition_index=1
[audio] selfcheck PASS: /devices/audio/dsp reachable, CharacterDevice, 4 attrs readable, unattached write refused
[audio] stream selfcheck PASS: 4 input stream(s) reachable, 4 attrs each, unattached write ACCEPTED (input-end semantics)
[boot] install mode root = 'ata0' partition lba=2048 (EXT2), /programs = pool directory (no built-in fallback)
[ext2] skip 'ramdisk0': volatile=true (data would not survive reboot)
[ext2] skip 'ata0': is the boot/root disk (disk_sig=424F5255), not remounted as a volume
[ext2] skip 'ata1': is the boot/root disk (disk_sig=424F5255), not remounted as a volume
[ext2] no mountable persistent block device; /volumes remains empty
[kmain] initializing SMP
[smp] BSP lapic_id=0, total cpus=4
[smp] fired AP lapic_id=1
[cpu] SMEP=false SMAP=false FSGSBASE=false enabled (CR4=0x20)
[smp] fired AP lapic_id=2
[cpu] SMEP=false SMAP=false FSGSBASE=false enabled (CR4=0x20)
[smp] AP slot 1 percpu enabled (gs_base=0xffffffff80543900, kstack_top=0xffff8000004f4000)
[smp] fired AP lapic_id=3
[cpu] SMEP=false SMAP=false FSGSBASE=false enabled (CR4=0x20)
[smp] AP slot 1 syscall MSRs programmed (EFER.SCE=1)
[smp] AP slot 3 percpu enabled (gs_base=0xffffffff80543980, kstack_top=0xffff800000504000)
[smp] AP slot 3 syscall MSRs programmed (EFER.SCE=1)
[lapic] per-core timer started (slot 1 @ ~100 Hz)
[smp] AP slot 2 percpu enabled (gs_base=0xffffffff80543940, kstack_top=0xffff80000050c000)
[lapic] per-core timer started (slot 3 @ ~100 Hz)
[smp] AP online, lapic_id=1
[smp] AP slot 2 syscall MSRs programmed (EFER.SCE=1)
[smp] AP online, lapic_id=3
[lapic] per-core timer started (slot 2 @ ~100 Hz)
[smp] AP online, lapic_id=2
[kmain] SMP done, 4 cpus online (target 4)
============================================================
BORUIX KERNEL v.0.1.0
Git Commit: ad9de46ded070756443cbfdcc7a541200b422058
Build Timestamp: 1790753577129
============================================================
[imcr] IMCR -> PIC mode (8259 -> LAPIC LINT0)
[kbd] config byte read timed out
[kmain] booting user init (PID 1) ...
[kmain] init: loaded 49520 bytes of init.elf from /programs
[kmain] init: entry=0x400000 stack_top=0x7ffefffffff0
[kmain] init: spawned pid=1 from init.elf

========== CPU EXCEPTION ==========

========== CPU EXCEPTION ==========

========== CPU EXCEPTION ==========

========== CPU EXCEPTION ==========

========== CPU EXCEPTION ==========

========== CPU EXCEPTION ==========

========== CPU EXCEPTION ==========

========== CPU EXCEPTION ==========

========== CPU EXCEPTION ==========

========== CPU EXCEPTION ==========

========== CPU EXCEPTION ==========

========== CPU EXCEPTION ==========

========== CPU EXCEPTION ==========

========== CPU EXCEPTION ==========

========== CPU EXCEPTION ==========

========== CPU EXCEPTION ==========

========== CPU EXCEPTION ==========

========== CPU EXCEPTION ==========

========== CPU EXCEPTION ==========

========== CPU EXCEPTION ==========

========== CPU EXCEPTION ==========

========== CPU EXCEPTION ==========

========== CPU EXCEPTION ==========

========== CPU EXCEPTION ==========

========== CPU EXCEPTION ==========

========== CPU EXCEPTION ==========

========== CPU EXCEPTION ==========

========== CPU EXCEPTION ==========

========== CPU EXCEPTION ==========

========== CPU EXCEPTION ==========

========== CPU EXCEPTION ==========

========== CPU EXCEPTION ==========

========== CPU EXCEPTION ==========

========== CPU EXCEPTION ==========

========== CPU EXCEPTION ==========

========== CPU EXCEPTION ==========

========== CPU EXCEPTION ==========

========== CPU EXCEPTION ==========

========== CPU EXCEPTION ==========

========== CPU EXCEPTION ==========

========== CPU EXCEPTION ==========

========== CPU EXCEPTION ==========

========== CPU EXCEPTION ==========

========== CPU EXCEPTION ==========

========== CPU EXCEPTION ==========

========== CPU EXCEPTION ==========

========== CPU EXCEPTION ==========

========== CPU EXCEPTION ==========

========== CPU EXCEPTION ==========

========== CPU EXCEPTION ==========

========== CPU EXCEPTION ==========

========== CPU EXCEPTION ==========

========== CPU EXCEPTION ==========

========== CPU EXCEPTION ==========

========== CPU EXCEPTION ==========

========== CPU EXCEPTION ==========

========== CPU EXCEPTION ==========

========== CPU EXCEPTION ==========

========== CPU EXCEPTION ==========

========== CPU EXCEPTION ==========

========== CPU EXCEPTION ==========

========== CPU EXCEPTION ==========

========== CPU EXCEPTION ==========

========== CPU EXCEPTION ==========

========== CPU EXCEPTION ==========

========== CPU EXCEPTION ==========

========== CPU EXCEPTION ==========

========== CPU EXCEPTION ==========

========== CPU EXCEPTION ==========

========== CPU EXCEPTION ==========

========== CPU EXCEPTION ==========

========== CPU EXCEPTION ==========

========== CPU EXCEPTION ==========

========== CPU EXCEPTION ==========

========== CPU EXCEPTION ==========

========== CPU EXCEPTION ==========

========== CPU EXCEPTION ==========

========== CPU EXCEPTION ==========

========== CPU EXCEPTION ==========

========== CPU EXCEPTION ==========

========== CPU EXCEPTION ==========

========== CPU EXCEPTION ==========

========== CPU EXCEPTION ==========

========== CPU EXCEPTION ==========

========== CPU EXCEPTION ==========

========== CPU EXCEPTION ==========

========== CPU EXCEPTION ==========

========== CPU EXCEPTION ==========

========== CPU EXCEPTION ==========

========== CPU EXCEPTION ==========

========== CPU EXCEPTION ==========

========== CPU EXCEPTION ==========

========== CPU EXCEPTION ==========

========== CPU EXCEPTION ==========

========== CPU EXCEPTION ==========

========== CPU EXCEPTION ==========

========== CPU EXCEPTION ==========

========== CPU EXCEPTION ==========

========== CPU EXCEPTION ==========

========== CPU EXCEPTION ==========

========== CPU EXCEPTION ==========

========== CPU EXCEPTION ==========

========== CPU EXCEPTION ==========

========== CPU EXCEPTION ==========

========== CPU EXCEPTION ==========

========== CPU EXCEPTION ==========

========== CPU EXCEPTION ==========

========== CPU EXCEPTION ==========

========== CPU EXCEPTION ==========

========== CPU EXCEPTION ==========

========== CPU EXCEPTION ==========

========== CPU EXCEPTION ==========

========== CPU EXCEPTION ==========

========== CPU EXCEPTION ==========

========== CPU EXCEPTION ==========

========== CPU EXCEPTION ==========

========== CPU EXCEPTION ==========

========== CPU EXCEPTION ==========

========== CPU EXCEPTION ==========

========== CPU EXCEPTION ==========

========== CPU EXCEPTION ==========

========== CPU EXCEPTION ==========

========== CPU EXCEPTION ==========

========== CPU EXCEPTION ==========

========== CPU EXCEPTION ==========

========== CPU EXCEPTION ==========

========== CPU EXCEPTION ==========

========== CPU EXCEPTION ==========

========== CPU EXCEPTION ==========

========== CPU EXCEPTION ==========

========== CPU EXCEPTION ==========

========== CPU EXCEPTION ==========

========== CPU EXCEPTION ==========

========== CPU EXCEPTION ==========

========== CPU EXCEPTION ==========

========== CPU EXCEPTION ==========

========== CPU EXCEPTION ==========

========== CPU EXCEPTION ==========

========== CPU EXCEPTION ==========

========== CPU EXCEPTION ==========

========== CPU EXCEPTION ==========
[2J[01;01H[=3h[2J[01;01H[2J[01;01H[=3h[2J[01;01H[2J[01;01H[=3h[2J[01;01HBdsDxe: failed to load Boot0001 "UEFI QEMU HARDDISK QM00001 " from PciRoot(0x0)/Pci(0x1,0x1)/Ata(Primary,Master,0x0): Not Found
BdsDxe: failed to load Boot0002 "UEFI QEMU HARDDISK QM00002 " from PciRoot(0x0)/Pci(0x1,0x1)/Ata(Primary,Slave,0x0): Not Found
BdsDxe: loading Boot0003 "UEFI QEMU QEMU USB HARDDRIVE 1-0000:00:05.0-1" from PciRoot(0x0)/Pci(0x5,0x0)/USB(0x0,0x0)
BdsDxe: starting Boot0003 "UEFI QEMU QEMU USB HARDDRIVE 1-0000:00:05.0-1" from PciRoot(0x0)/Pci(0x5,0x0)/USB(0x0,0x0)
[liftoff] M2b entry
[liftoff] boot services ok
[liftoff] contract: kernel=/boot/kernel base_rev=6
M2A: open failed status=0x800000000000000e
[m2b] block io handles: 7
[m2b] handle 0x6400918: block_size=512 last_block=131071 ro=false
[m2b] handle 0x63fda18: block_size=512 last_block=122879 ro=false
[m2b] handle 0x63fd498: block_size=2048 last_block=0 ro=true
[m2b] not iso9660 (err 0x13)
[m2b] handle 0x65a0d98: block_size=512 last_block=1032191 ro=false
M2B: mount failed status=0x11
[m2c] mbr disk_id=0x424f5255 partition=1 start_lba=2048
M2C: mount ok
[m9] kernel path=/boot/kernel size=8011504
M2C: len=8011504
M2C: sum=0x39cd
M3: seg0 rel=0x0 size=762840 sum16=0xcc72
M3: seg1 rel=0xbb000 size=4382080 sum16=0x123a
M3: seg2 rel=0x4e9000 size=2614224 sum16=0x4dec
M3: segs=3 entry=0xffffffff8001b590
M3: vbase=0xffffffff80000000 image_size=7762896
M3: base=0x4e00000
M3: total_mem=7759144 total_sum16=0x2c98
M3: total_sum16=0x2c98
[m4] handover begin
[m4] ram_top=0x8000000
[m4] pml4=0x63a1000
[m4] final stage
[m4] memmap converted n=26
[m6] x2apic supported=false enabled=false bsp_lapic=0
[m4] smp prepared aps=3
[m4] smp page=0x5de2000
[m4] memmap reconverted n=28
[m4] requests filled=7 baserev=true
[m4] exiting boot services key=0x43bd
[m4] EBS ok, jumping entry=0x4e1b590
[m6] ap0 alive=true
[m6] ap1 alive=true
[m6] ap2 alive=true
[terminal] init fb=0xffff800080000000 1280x800 pitch=5120 bpp=32
[terminal] flanterm_fb_init done
[driver_hub] framebuffer terminal & display registered
[driver_hub] init stage=Core driver=framebuffer
[driver_hub] init stage=Core driver=keyboard
[driver_hub] init stage=Core driver=cmos
[driver_hub] init stage=Core driver=pseudo
[pci] 00:00.0 vendor=8086 device=1237 class=06:00 (pci-host-bridge-00-00-0)
[pci] 00:01.0 vendor=8086 device=7000 class=06:01 (pci-isa-bridge-00-01-0)
[pci] 00:01.1 vendor=8086 device=7010 class=01:01 (pci-ide-storage-00-01-1)
[pci] 00:01.3 vendor=8086 device=7113 class=06:80 (pci-bridge-00-01-3)
[uio] device window published: pci-vga-display-00-02-0 phys=0x80000000 len=0x1000000
[pci] 00:02.0 vendor=1234 device=1111 class=03:00 (pci-vga-display-00-02-0)
[uio] device window published: pci-ethernet-00-03-0 phys=0x81040000 len=0x20000
[pci] 00:03.0 vendor=8086 device=100e class=02:00 (pci-ethernet-00-03-0)
[uio] device window published: pci-hda-00-04-0 phys=0x81060000 len=0x4000
[pci] 00:04.0 vendor=8086 device=2668 class=04:03 (pci-hda-00-04-0)
[uio] device window published: pci-device-00-05-0 phys=0xc000000000 len=0x4000
[pci] 00:05.0 vendor=1b36 device=000d class=0c:03 (pci-device-00-05-0)
[pci] scan complete: found and registered 8 devices
[driver_hub] init stage=Devices driver=pci-bus
[driver_hub] init stage=Devices driver=ahci
[driver_hub] init stage=Devices driver=pci-block
[driver_hub] init stage=Devices driver=pci-net
[driver_hub] init stage=Devices driver=pci-display
[driver_hub] bidding: device=pci-ide-storage-00-01-1 evaluating candidate driver=pci-block (score=90)
[pci-candidate] candidacy recorded for block class on 8086:7010 location=0x101 (no hardware control implemented)
[driver_hub] candidate selected: driver=pci-block (score=90) recorded for device=pci-ide-storage-00-01-1 (no hardware control implemented)
[driver_hub] bidding: device=pci-vga-display-00-02-0 evaluating candidate driver=pci-display (score=85)
[pci-candidate] candidacy recorded for display class on 1234:1111 location=0x200 (no hardware control implemented)
[driver_hub] candidate selected: driver=pci-display (score=85) recorded for device=pci-vga-display-00-02-0 (no hardware control implemented)
[driver_hub] bidding: device=pci-ethernet-00-03-0 evaluating candidate driver=pci-net (score=95)
[pci-candidate] candidacy recorded for net class on 8086:100e location=0x300 (no hardware control implemented)
[driver_hub] candidate selected: driver=pci-net (score=95) recorded for device=pci-ethernet-00-03-0 (no hardware control implemented)
[driver_hub] init stage=Late driver=ramdisk
[driver_hub] framework inited: drivers=11 devices=15
Hello, BORUIX!
Kernel M0 is running.
[kmain] serial & driver hub initialized (arch=x86_64)
[cpu] SMEP=false SMAP=false FSGSBASE=false enabled (CR4=0x668)
[mm] HHDM offset: 0xffff800000000000
[mm] kernel image phys base 0x4e00000 (virt 0xffffffff80000000) -> reserving 0x4e00000-0x8e00000 (64 MiB), HHDM 0xffff800000000000
[pmm] TSC freq unknown (CPUID 0x15/0x16 unsupported); timing in cycles only
[pmm] === LazyBuddy init: 28 memory-map entries ===
[pmm] usable regions: 12 (Usable), max phys addr: 0x7edc000 (126 MB)
[pmm] total_frames (max span incl. holes): 32476
[pmm] BuddyFrame size: 40 B, frames_per_block: 102, block covers 417792 B (408 KB)
[pmm] metadata_map_len (logical blocks): 319, needed metadata blocks across usable: 274
[pmm] L1 table: entries=1 size=8 B (1) | L2: entries=1024, blocks_per_l1=2
[pmm] uninit: max_regions=40, array_size=960 B
[pmm] metadata pool: blocks=292, size=1168 KB (needed=274 + pad=16 + l2 for 1 L1)
[pmm]   -- memory map & sizing: 41773144 cycles
[pmm] metadata storage: map=0x900000 (8 B) uninit=0x901000 (960 B) pool=0x902000 (1168 KB)
[pmm] HHDM offset: 0xffff800000000000, metadata L1 @virt 0xffff800000900000, uninit array @virt 0xffff800000901000, pool @virt 0xffff800000902000
[pmm]   -- metadata arrays zeroed: 81587978 cycles
[pmm] reserving kernel image phys 0x4e00000-0x8e00000 (65536 KiB)
[pmm] reserved metadata ranges: map(0x900000-0x900008) uninit(0x901000-0x9013c0) pool(0x902000-0xa26000)
[pmm] == process usable region: phys 0x0-0x70000 (0 MB, 112 frames) ==
[pmm]   process_range 0x0-0x70000 -> blocks [0, 1] (2 blocks)
[pmm]     allocated L2 table for L1[0] @virt 0xffff800000902000 (2 blocks)
[pmm]     built 1 L2 tables, cumulative metadata blocks: 2
[pmm]     uninit region #0: pfn 0..112 -> phys 0x0-0x70000 (112 frames, 0 MB)
[pmm] == process usable region: phys 0x73000-0xa0000 (0 MB, 45 frames) ==
[pmm]   process_range 0x73000-0xa0000 -> blocks [1, 1] (1 blocks)
[pmm]     uninit region #1: pfn 115..160 -> phys 0x73000-0xa0000 (45 frames, 0 MB)
[pmm] == process usable region: phys 0x100000-0x800000 (7 MB, 1792 frames) ==
[pmm]   process_range 0x100000-0x800000 -> blocks [2, 20] (19 blocks)
[pmm]     uninit region #2: pfn 256..2048 -> phys 0x100000-0x800000 (1792 frames, 7 MB)
[pmm] == process usable region: phys 0x808000-0x80b000 (0 MB, 3 frames) ==
[pmm]   process_range 0x808000-0x80b000 -> blocks [20, 20] (1 blocks)
[pmm]     uninit region #3: pfn 2056..2059 -> phys 0x808000-0x80b000 (3 frames, 0 MB)
[pmm] == process usable region: phys 0x80c000-0x811000 (0 MB, 5 frames) ==
[pmm]   process_range 0x80c000-0x811000 -> blocks [20, 20] (1 blocks)
[pmm]     uninit region #4: pfn 2060..2065 -> phys 0x80c000-0x811000 (5 frames, 0 MB)
[pmm] == process usable region: phys 0x900000-0x4c92000 (67 MB, 17298 frames) ==
[pmm]   process_range 0xa26000-0x4c92000 -> blocks [25, 192] (168 blocks)
[pmm]     uninit region #5: pfn 2598..19602 -> phys 0xa26000-0x4c92000 (17004 frames, 66 MB)
[pmm] == process usable region: phys 0x5de0000-0x5de1000 (0 MB, 1 frames) ==
[pmm] == process usable region: phys 0x5ded000-0x63a0000 (5 MB, 1459 frames) ==
[pmm] == process usable region: phys 0x63a3000-0x6a2e000 (6 MB, 1675 frames) ==
[pmm] == process usable region: phys 0x6aef000-0x74ed000 (9 MB, 2558 frames) ==
[pmm] == process usable region: phys 0x77ff000-0x7e80000 (6 MB, 1665 frames) ==
[pmm] == process usable region: phys 0x7e86000-0x7edc000 (0 MB, 86 frames) ==
[pmm]   -- process usable regions (821940433 cycles): blocks_allocated=189 / 319 uninit_regions=6
[pmm] Metadata blocks allocated: 189 / 319
[pmm] Initialized with 6 regions (Capacity: 40)
PMM: Reserved 32 emergency pages (pfn 0..31 = phys 0x0-0x1f000)
PMM: Reserved 16 critical emergency pages (pfn 32..47 = phys 0x20000-0x2f000)
[pmm] === LazyBuddy init done (total 1093985714 cycles) ===
[mm] memory manager initialized
[acpi] RSDP rev=2 rsdt=0x777d074 xsdt=0x777d0e8
[acpi] XSDT: 5 entries
[acpi] FADT at 0x7779000
[acpi] HPET: base=0xfed00000 period=4275044352fs comparators=1 rev=0x8086a201 page_protect=0
[acpi] FADT: dsdt=0x777a000 pm1a_cnt=0xb004 pm1b_cnt=0x0 reset=None
[acpi] S5: pm1a=0xb004 slp_typa=0 slp_typb=0
[acpi] initialized (rev=2)
[kmain] kernel stack guard armed at 0xffffffff80665000..0xffffffff80666000
[mmio] 4K map verified: phys 0x0 -> virt 0xffffffff01000000
[ahci] no AHCI controller found on PCI bus
[ata_pio] ATA ata0 hardware identified: 131072 sectors (64 MB), LBA28 domain
[ata_pio] ATA ata1 hardware identified: 122880 sectors (60 MB), LBA28 domain
[ata_pio] ATAPI packet device detected on 'ata2'; handing to atapi_cdrom
[atapi] cd1 READ CAPACITY failed; medium absent?
[kmain] storage stack ready: 0 AHCI disk(s)
[hpet] enabled: base=0xfed00000 period=10000000fs counter=306580
[kmain] enabling interrupts (LAPIC timer ~100Hz)
[lapic] mapped to 0xffff8000fee00000
[lapic] bus freq calibrated via HPET = 1008470000 Hz
[lapic] calibrated LAPIC bus freq = 1008470000 Hz
[lapic] clock source: HPET (1 GHz ns clock)
[lapic] LINT0 configured as ExtINT (8259 source)
[lapic] per-core timer started (slot 0 @ ~100 Hz)
[lapic] LAPIC timer initialized (BSP)
[percpu] GS foundation enabled on slot 0 (gs_base=0xffffffff805438c0, kstack_top=0xffffffff80770000)
[syscall] MSRs configured=true SCE=true STAR=0x28000800000000 LSTAR=0xffffffff80092ddd FMASK=0x300
[kmain] RTC wall clock 2026-09-30 07:46:18
[kmain] wall clock epoch = 1790754378 (Unix secs)
[kmain] monotonic clock ready: now=115201000 ns (115 ms since boot)
[boot] install mode detected: boot disk mbr_disk_id=0x424f5255 partition_index=1
[audio] selfcheck PASS: /devices/audio/dsp reachable, CharacterDevice, 4 attrs readable, unattached write refused
[audio] stream selfcheck PASS: 4 input stream(s) reachable, 4 attrs each, unattached write ACCEPTED (input-end semantics)
[boot] install mode root = 'ata0' partition lba=2048 (EXT2), /programs = pool directory (no built-in fallback)
[ext2] skip 'ramdisk0': volatile=true (data would not survive reboot)
[ext2] skip 'ata0': is the boot/root disk (disk_sig=424F5255), not remounted as a volume
[ext2] skip 'ata1': is the boot/root disk (disk_sig=424F5255), not remounted as a volume
[ext2] no mountable persistent block device; /volumes remains empty
[kmain] initializing SMP
[smp] BSP lapic_id=0, total cpus=4
[smp] fired AP lapic_id=1
[cpu] SMEP=false SMAP=false FSGSBASE=false enabled (CR4=0x20)
[smp] fired AP lapic_id=2
[cpu] SMEP=false SMAP=false FSGSBASE=false enabled (CR4=0x20)
[smp] AP slot 1 percpu enabled (gs_base=0xffffffff80543900, kstack_top=0xffff8000004f4000)
[smp] AP slot 2 percpu enabled (gs_base=0xffffffff80543940, kstack_top=0xffff80000050c000)
[smp] AP slot 1 syscall MSRs programmed (EFER.SCE=1)
[smp] fired AP lapic_id=3
[cpu] SMEP=false SMAP=false FSGSBASE=false enabled (CR4=0x20)
[smp] AP slot 2 syscall MSRs programmed (EFER.SCE=1)
[smp] AP slot 3 percpu enabled (gs_base=0xffffffff80543980, kstack_top=0xffff800000504000)
[lapic] per-core timer started (slot 2 @ ~100 Hz)
[smp] AP slot 3 syscall MSRs programmed (EFER.SCE=1)
[lapic] per-core timer started (slot 1 @ ~100 Hz)
[lapic] per-core timer started (slot 3 @ ~100 Hz)
[smp] AP online, lapic_id=1
[smp] AP online, lapic_id=3
[smp] AP online, lapic_id=2
[kmain] SMP done, 4 cpus online (target 4)
============================================================
BORUIX KERNEL v.0.1.0
Git Commit: ad9de46ded070756443cbfdcc7a541200b422058
Build Timestamp: 1790753577129
============================================================
[imcr] IMCR -> PIC mode (8259 -> LAPIC LINT0)
[kbd] config byte read timed out
[kmain] booting user init (PID 1) ...
[kmain] init: loaded 49520 bytes of init.elf from /programs
[kmain] init: entry=0x400000 stack_top=0x7ffefffffff0
[kmain] init: spawned pid=1 from init.elf

========== CPU EXCEPTION ==========

========== CPU EXCEPTION ==========

========== CPU EXCEPTION ==========

========== CPU EXCEPTION ==========

========== CPU EXCEPTION ==========

========== CPU EXCEPTION ==========

========== CPU EXCEPTION ==========

========== CPU EXCEPTION ==========

========== CPU EXCEPTION ==========

========== CPU EXCEPTION ==========

========== CPU EXCEPTION ==========

========== CPU EXCEPTION ==========

========== CPU EXCEPTION ==========

========== CPU EXCEPTION ==========

========== CPU EXCEPTION ==========

========== CPU EXCEPTION ==========

========== CPU EXCEPTION ==========

========== CPU EXCEPTION ==========

========== CPU EXCEPTION ==========

========== CPU EXCEPTION ==========

========== CPU EXCEPTION ==========

========== CPU EXCEPTION ==========

========== CPU EXCEPTION ==========

========== CPU EXCEPTION ==========

========== CPU EXCEPTION ==========

========== CPU EXCEPTION ==========

========== CPU EXCEPTION ==========

========== CPU EXCEPTION ==========

========== CPU EXCEPTION ==========

========== CPU EXCEPTION ==========

========== CPU EXCEPTION ==========

========== CPU EXCEPTION ==========

========== CPU EXCEPTION ==========

========== CPU EXCEPTION ==========

========== CPU EXCEPTION ==========

========== CPU EXCEPTION ==========

========== CPU EXCEPTION ==========

========== CPU EXCEPTION ==========

========== CPU EXCEPTION ==========

========== CPU EXCEPTION ==========

========== CPU EXCEPTION ==========

========== CPU EXCEPTION ==========

========== CPU EXCEPTION ==========

========== CPU EXCEPTION ==========

========== CPU EXCEPTION ==========

========== CPU EXCEPTION ==========

========== CPU EXCEPTION ==========

========== CPU EXCEPTION ==========

========== CPU EXCEPTION ==========

========== CPU EXCEPTION ==========

========== CPU EXCEPTION ==========

========== CPU EXCEPTION ==========

========== CPU EXCEPTION ==========

========== CPU EXCEPTION ==========

========== CPU EXCEPTION ==========

========== CPU EXCEPTION ==========

========== CPU EXCEPTION ==========

========== CPU EXCEPTION ==========

========== CPU EXCEPTION ==========

========== CPU EXCEPTION ==========

========== CPU EXCEPTION ==========

========== CPU EXCEPTION ==========

========== CPU EXCEPTION ==========

========== CPU EXCEPTION ==========

========== CPU EXCEPTION ==========

========== CPU EXCEPTION ==========

========== CPU EXCEPTION ==========

========== CPU EXCEPTION ==========

========== CPU EXCEPTION ==========

========== CPU EXCEPTION ==========

========== CPU EXCEPTION ==========

========== CPU EXCEPTION ==========

========== CPU EXCEPTION ==========

========== CPU EXCEPTION ==========

========== CPU EXCEPTION ==========

========== CPU EXCEPTION ==========

========== CPU EXCEPTION ==========

========== CPU EXCEPTION ==========

========== CPU EXCEPTION ==========

========== CPU EXCEPTION ==========

========== CPU EXCEPTION ==========

========== CPU EXCEPTION ==========

========== CPU EXCEPTION ==========

========== CPU EXCEPTION ==========

========== CPU EXCEPTION ==========

========== CPU EXCEPTION ==========

========== CPU EXCEPTION ==========

========== CPU EXCEPTION ==========

========== CPU EXCEPTION ==========

========== CPU EXCEPTION ==========

========== CPU EXCEPTION ==========

========== CPU EXCEPTION ==========

========== CPU EXCEPTION ==========

========== CPU EXCEPTION ==========

========== CPU EXCEPTION ==========

========== CPU EXCEPTION ==========

========== CPU EXCEPTION ==========

========== CPU EXCEPTION ==========

========== CPU EXCEPTION ==========

========== CPU EXCEPTION ==========

========== CPU EXCEPTION ==========

========== CPU EXCEPTION ==========

========== CPU EXCEPTION ==========

========== CPU EXCEPTION ==========

========== CPU EXCEPTION ==========

========== CPU EXCEPTION ==========

========== CPU EXCEPTION ==========

========== CPU EXCEPTION ==========

========== CPU EXCEPTION ==========

========== CPU EXCEPTION ==========

========== CPU EXCEPTION ==========

========== CPU EXCEPTION ==========

========== CPU EXCEPTION ==========

========== CPU EXCEPTION ==========

========== CPU EXCEPTION ==========

========== CPU EXCEPTION ==========

========== CPU EXCEPTION ==========

========== CPU EXCEPTION ==========

========== CPU EXCEPTION ==========

========== CPU EXCEPTION ==========

========== CPU EXCEPTION ==========

========== CPU EXCEPTION ==========

========== CPU EXCEPTION ==========

========== CPU EXCEPTION ==========

========== CPU EXCEPTION ==========

========== CPU EXCEPTION ==========

========== CPU EXCEPTION ==========

========== CPU EXCEPTION ==========

========== CPU EXCEPTION ==========

========== CPU EXCEPTION ==========

========== CPU EXCEPTION ==========

========== CPU EXCEPTION ==========

========== CPU EXCEPTION ==========

========== CPU EXCEPTION ==========

========== CPU EXCEPTION ==========

========== CPU EXCEPTION ==========

========== CPU EXCEPTION ==========

========== CPU EXCEPTION ==========

========== CPU EXCEPTION ==========

========== CPU EXCEPTION ==========

========== CPU EXCEPTION ==========

========== CPU EXCEPTION ==========

========== CPU EXCEPTION ==========

========== CPU EXCEPTION ==========

========== CPU EXCEPTION ==========

========== CPU EXCEPTION ==========

========== CPU EXCEPTION ==========

========== CPU EXCEPTION ==========

========== CPU EXCEPTION ==========

========== CPU EXCEPTION ==========

========== CPU EXCEPTION ==========

========== CPU EXCEPTION ==========

========== CPU EXCEPTION ==========

========== CPU EXCEPTION ==========

========== CPU EXCEPTION ==========

========== CPU EXCEPTION ==========

========== CPU EXCEPTION ==========

========== CPU EXCEPTION ==========

========== CPU EXCEPTION ==========

========== CPU EXCEPTION ==========

========== CPU EXCEPTION ==========

========== CPU EXCEPTION ==========

========== CPU EXCEPTION ==========

========== CPU EXCEPTION ==========

========== CPU EXCEPTION ==========

========== CPU EXCEPTION ==========

========== CPU EXCEPTION ==========

========== CPU EXCEPTION ==========

========== CPU EXCEPTION ==========

========== CPU EXCEPTION ==========

========== CPU EXCEPTION ==========

========== CPU EXCEPTION ==========

========== CPU EXCEPTION ==========

========== CPU EXCEPTION ==========

========== CPU EXCEPTION ==========

========== CPU EXCEPTION ==========

========== CPU EXCEPTION ==========

========== CPU EXCEPTION ==========

========== CPU EXCEPTION ==========

========== CPU EXCEPTION ==========

========== CPU EXCEPTION ==========

========== CPU EXCEPTION ==========

========== CPU EXCEPTION ==========

========== CPU EXCEPTION ==========

========== CPU EXCEPTION ==========

========== CPU EXCEPTION ==========

========== CPU EXCEPTION ==========

========== CPU EXCEPTION ==========

========== CPU EXCEPTION ==========

========== CPU EXCEPTION ==========

========== CPU EXCEPTION ==========

========== CPU EXCEPTION ==========

========== CPU EXCEPTION ==========

========== CPU EXCEPTION ==========

========== CPU EXCEPTION ==========

========== CPU EXCEPTION ==========

========== CPU EXCEPTION ==========

========== CPU EXCEPTION ==========

========== CPU EXCEPTION ==========

========== CPU EXCEPTION ==========

========== CPU EXCEPTION ==========

========== CPU EXCEPTION ==========

========== CPU EXCEPTION ==========

========== CPU EXCEPTION ==========

========== CPU EXCEPTION ==========

========== CPU EXCEPTION ==========

========== CPU EXCEPTION ==========

========== CPU EXCEPTION ==========

========== CPU EXCEPTION ==========

========== CPU EXCEPTION ==========

========== CPU EXCEPTION ==========

========== CPU EXCEPTION ==========

========== CPU EXCEPTION ==========

========== CPU EXCEPTION ==========

========== CPU EXCEPTION ==========

========== CPU EXCEPTION ==========

========== CPU EXCEPTION ==========

========== CPU EXCEPTION ==========

========== CPU EXCEPTION ==========

========== CPU EXCEPTION ==========

========== CPU EXCEPTION ==========

========== CPU EXCEPTION ==========

========== CPU EXCEPTION ==========

========== CPU EXCEPTION ==========

========== CPU EXCEPTION ==========

========== CPU EXCEPTION ==========

========== CPU EXCEPTION ==========

========== CPU EXCEPTION ==========

========== CPU EXCEPTION ==========

========== CPU EXCEPTION ==========

========== CPU EXCEPTION ==========

========== CPU EXCEPTION ==========

========== CPU EXCEPTION ==========

========== CPU EXCEPTION ==========

========== CPU EXCEPTION ==========

========== CPU EXCEPTION ==========

========== CPU EXCEPTION ==========

========== CPU EXCEPTION ==========

========== CPU EXCEPTION ==========

========== CPU EXCEPTION ==========

========== CPU EXCEPTION ==========

========== CPU EXCEPTION ==========

========== CPU EXCEPTION ==========

========== CPU EXCEPTION ==========

========== CPU EXCEPTION ==========

========== CPU EXCEPTION ==========

========== CPU EXCEPTION ==========

========== CPU EXCEPTION ==========

========== CPU EXCEPTION ==========

========== CPU EXCEPTION ==========

========== CPU EXCEPTION ==========

========== CPU EXCEPTION ==========

========== CPU EXCEPTION ==========

========== CPU EXCEPTION ==========

========== CPU EXCEPTION ==========

========== CPU EXCEPTION ==========

========== CPU EXCEPTION ==========

========== CPU EXCEPTION ==========

========== CPU EXCEPTION ==========

========== CPU EXCEPTION ==========

========== CPU EXCEPTION ==========

========== CPU EXCEPTION ==========
[2J[01;01H[=3h[2J[01;01H[2J[01;01H[=3h[2J[01;01H[2J[01;01H[=3h[2J[01;01HBdsDxe: failed to load Boot0001 "UEFI QEMU HARDDISK QM00001 " from PciRoot(0x0)/Pci(0x1,0x1)/Ata(Primary,Master,0x0): Not Found
BdsDxe: failed to load Boot0002 "UEFI QEMU HARDDISK QM00002 " from PciRoot(0x0)/Pci(0x1,0x1)/Ata(Primary,Slave,0x0): Not Found
BdsDxe: loading Boot0003 "UEFI QEMU QEMU USB HARDDRIVE 1-0000:00:05.0-1" from PciRoot(0x0)/Pci(0x5,0x0)/USB(0x0,0x0)
BdsDxe: starting Boot0003 "UEFI QEMU QEMU USB HARDDRIVE 1-0000:00:05.0-1" from PciRoot(0x0)/Pci(0x5,0x0)/USB(0x0,0x0)
[liftoff] M2b entry
[liftoff] boot services ok
[liftoff] contract: kernel=/boot/kernel base_rev=6
M2A: open failed status=0x800000000000000e
[m2b] block io handles: 7
[m2b] handle 0x6400918: block_size=512 last_block=131071 ro=false
[m2b] handle 0x63fda18: block_size=512 last_block=122879 ro=false
[m2b] handle 0x63fd498: block_size=2048 last_block=0 ro=true
[m2b] not iso9660 (err 0x13)
[m2b] handle 0x65a0d98: block_size=512 last_block=1032191 ro=false
M2B: mount failed status=0x11
[m2c] mbr disk_id=0x424f5255 partition=1 start_lba=2048
M2C: mount ok
[m9] kernel path=/boot/kernel size=8011504
M2C: len=8011504
M2C: sum=0x39cd
M3: seg0 rel=0x0 size=762840 sum16=0xcc72
M3: seg1 rel=0xbb000 size=4382080 sum16=0x123a
M3: seg2 rel=0x4e9000 size=2614224 sum16=0x4dec
M3: segs=3 entry=0xffffffff8001b590
M3: vbase=0xffffffff80000000 image_size=7762896
M3: base=0x4e00000
M3: total_mem=7759144 total_sum16=0x2c98
M3: total_sum16=0x2c98
[m4] handover begin
[m4] ram_top=0x8000000
[m4] pml4=0x63a1000
[m4] final stage
[m4] memmap converted n=26
[m6] x2apic supported=false enabled=false bsp_lapic=0
[m4] smp prepared aps=3
[m4] smp page=0x5de2000
[m4] memmap reconverted n=28
[m4] requests filled=7 baserev=true
[m4] exiting boot services key=0x43bd
[m4] EBS ok, jumping entry=0x4e1b590
[m6] ap0 alive=true
[m6] ap1 alive=true
[m6] ap2 alive=true
[terminal] init fb=0xffff800080000000 1280x800 pitch=5120 bpp=32
[terminal] flanterm_fb_init done
[driver_hub] framebuffer terminal & display registered
[driver_hub] init stage=Core driver=framebuffer
[driver_hub] init stage=Core driver=keyboard
[driver_hub] init stage=Core driver=cmos
[driver_hub] init stage=Core driver=pseudo
[pci] 00:00.0 vendor=8086 device=1237 class=06:00 (pci-host-bridge-00-00-0)
[pci] 00:01.0 vendor=8086 device=7000 class=06:01 (pci-isa-bridge-00-01-0)
[pci] 00:01.1 vendor=8086 device=7010 class=01:01 (pci-ide-storage-00-01-1)
[pci] 00:01.3 vendor=8086 device=7113 class=06:80 (pci-bridge-00-01-3)
[uio] device window published: pci-vga-display-00-02-0 phys=0x80000000 len=0x1000000
[pci] 00:02.0 vendor=1234 device=1111 class=03:00 (pci-vga-display-00-02-0)
[uio] device window published: pci-ethernet-00-03-0 phys=0x81040000 len=0x20000
[pci] 00:03.0 vendor=8086 device=100e class=02:00 (pci-ethernet-00-03-0)
[uio] device window published: pci-hda-00-04-0 phys=0x81060000 len=0x4000
[pci] 00:04.0 vendor=8086 device=2668 class=04:03 (pci-hda-00-04-0)
[uio] device window published: pci-device-00-05-0 phys=0xc000000000 len=0x4000
[pci] 00:05.0 vendor=1b36 device=000d class=0c:03 (pci-device-00-05-0)
[pci] scan complete: found and registered 8 devices
[driver_hub] init stage=Devices driver=pci-bus
[driver_hub] init stage=Devices driver=ahci
[driver_hub] init stage=Devices driver=pci-block
[driver_hub] init stage=Devices driver=pci-net
[driver_hub] init stage=Devices driver=pci-display
[driver_hub] bidding: device=pci-ide-storage-00-01-1 evaluating candidate driver=pci-block (score=90)
[pci-candidate] candidacy recorded for block class on 8086:7010 location=0x101 (no hardware control implemented)
[driver_hub] candidate selected: driver=pci-block (score=90) recorded for device=pci-ide-storage-00-01-1 (no hardware control implemented)
[driver_hub] bidding: device=pci-vga-display-00-02-0 evaluating candidate driver=pci-display (score=85)
[pci-candidate] candidacy recorded for display class on 1234:1111 location=0x200 (no hardware control implemented)
[driver_hub] candidate selected: driver=pci-display (score=85) recorded for device=pci-vga-display-00-02-0 (no hardware control implemented)
[driver_hub] bidding: device=pci-ethernet-00-03-0 evaluating candidate driver=pci-net (score=95)
[pci-candidate] candidacy recorded for net class on 8086:100e location=0x300 (no hardware control implemented)
[driver_hub] candidate selected: driver=pci-net (score=95) recorded for device=pci-ethernet-00-03-0 (no hardware control implemented)
[driver_hub] init stage=Late driver=ramdisk
[driver_hub] framework inited: drivers=11 devices=15
Hello, BORUIX!
Kernel M0 is running.
[kmain] serial & driver hub initialized (arch=x86_64)
[cpu] SMEP=false SMAP=false FSGSBASE=false enabled (CR4=0x668)
[mm] HHDM offset: 0xffff800000000000
[mm] kernel image phys base 0x4e00000 (virt 0xffffffff80000000) -> reserving 0x4e00000-0x8e00000 (64 MiB), HHDM 0xffff800000000000
[pmm] TSC freq unknown (CPUID 0x15/0x16 unsupported); timing in cycles only
[pmm] === LazyBuddy init: 28 memory-map entries ===
[pmm] usable regions: 12 (Usable), max phys addr: 0x7edc000 (126 MB)
[pmm] total_frames (max span incl. holes): 32476
[pmm] BuddyFrame size: 40 B, frames_per_block: 102, block covers 417792 B (408 KB)
[pmm] metadata_map_len (logical blocks): 319, needed metadata blocks across usable: 274
[pmm] L1 table: entries=1 size=8 B (1) | L2: entries=1024, blocks_per_l1=2
[pmm] uninit: max_regions=40, array_size=960 B
[pmm] metadata pool: blocks=292, size=1168 KB (needed=274 + pad=16 + l2 for 1 L1)
[pmm]   -- memory map & sizing: 42255330 cycles
[pmm] metadata storage: map=0x900000 (8 B) uninit=0x901000 (960 B) pool=0x902000 (1168 KB)
[pmm] HHDM offset: 0xffff800000000000, metadata L1 @virt 0xffff800000900000, uninit array @virt 0xffff800000901000, pool @virt 0xffff800000902000
[pmm]   -- metadata arrays zeroed: 137057430 cycles
[pmm] reserving kernel image phys 0x4e00000-0x8e00000 (65536 KiB)
[pmm] reserved metadata ranges: map(0x900000-0x900008) uninit(0x901000-0x9013c0) pool(0x902000-0xa26000)
[pmm] == process usable region: phys 0x0-0x70000 (0 MB, 112 frames) ==
[pmm]   process_range 0x0-0x70000 -> blocks [0, 1] (2 blocks)
[pmm]     allocated L2 table for L1[0] @virt 0xffff800000902000 (2 blocks)
[pmm]     built 1 L2 tables, cumulative metadata blocks: 2
[pmm]     uninit region #0: pfn 0..112 -> phys 0x0-0x70000 (112 frames, 0 MB)
[pmm] == process usable region: phys 0x73000-0xa0000 (0 MB, 45 frames) ==
[pmm]   process_range 0x73000-0xa0000 -> blocks [1, 1] (1 blocks)
[pmm]     uninit region #1: pfn 115..160 -> phys 0x73000-0xa0000 (45 frames, 0 MB)
[pmm] == process usable region: phys 0x100000-0x800000 (7 MB, 1792 frames) ==
[pmm]   process_range 0x100000-0x800000 -> blocks [2, 20] (19 blocks)
[pmm]     uninit region #2: pfn 256..2048 -> phys 0x100000-0x800000 (1792 frames, 7 MB)
[pmm] == process usable region: phys 0x808000-0x80b000 (0 MB, 3 frames) ==
[pmm]   process_range 0x808000-0x80b000 -> blocks [20, 20] (1 blocks)
[pmm]     uninit region #3: pfn 2056..2059 -> phys 0x808000-0x80b000 (3 frames, 0 MB)
[pmm] == process usable region: phys 0x80c000-0x811000 (0 MB, 5 frames) ==
[pmm]   process_range 0x80c000-0x811000 -> blocks [20, 20] (1 blocks)
[pmm]     uninit region #4: pfn 2060..2065 -> phys 0x80c000-0x811000 (5 frames, 0 MB)
[pmm] == process usable region: phys 0x900000-0x4c92000 (67 MB, 17298 frames) ==
[pmm]   process_range 0xa26000-0x4c92000 -> blocks [25, 192] (168 blocks)
[pmm]     uninit region #5: pfn 2598..19602 -> phys 0xa26000-0x4c92000 (17004 frames, 66 MB)
[pmm] == process usable region: phys 0x5de0000-0x5de1000 (0 MB, 1 frames) ==
[pmm] == process usable region: phys 0x5ded000-0x63a0000 (5 MB, 1459 frames) ==
[pmm] == process usable region: phys 0x63a3000-0x6a2e000 (6 MB, 1675 frames) ==
[pmm] == process usable region: phys 0x6aef000-0x74ed000 (9 MB, 2558 frames) ==
[pmm] == process usable region: phys 0x77ff000-0x7e80000 (6 MB, 1665 frames) ==
[pmm] == process usable region: phys 0x7e86000-0x7edc000 (0 MB, 86 frames) ==
[pmm]   -- process usable regions (1029373572 cycles): blocks_allocated=189 / 319 uninit_regions=6
[pmm] Metadata blocks allocated: 189 / 319
[pmm] Initialized with 6 regions (Capacity: 40)
PMM: Reserved 32 emergency pages (pfn 0..31 = phys 0x0-0x1f000)
PMM: Reserved 16 critical emergency pages (pfn 32..47 = phys 0x20000-0x2f000)
[pmm] === LazyBuddy init done (total 1418643010 cycles) ===
[mm] memory manager initialized
[acpi] RSDP rev=2 rsdt=0x777d074 xsdt=0x777d0e8
[acpi] XSDT: 5 entries
[acpi] FADT at 0x7779000
[acpi] HPET: base=0xfed00000 period=4275044352fs comparators=1 rev=0x8086a201 page_protect=0
[acpi] FADT: dsdt=0x777a000 pm1a_cnt=0xb004 pm1b_cnt=0x0 reset=None
[acpi] S5: pm1a=0xb004 slp_typa=0 slp_typb=0
[acpi] initialized (rev=2)
[kmain] kernel stack guard armed at 0xffffffff80665000..0xffffffff80666000
[mmio] 4K map verified: phys 0x0 -> virt 0xffffffff01000000
[ahci] no AHCI controller found on PCI bus
[ata_pio] ATA ata0 hardware identified: 131072 sectors (64 MB), LBA28 domain
[ata_pio] ATA ata1 hardware identified: 122880 sectors (60 MB), LBA28 domain
[ata_pio] ATAPI packet device detected on 'ata2'; handing to atapi_cdrom
[atapi] cd1 READ CAPACITY failed; medium absent?
[kmain] storage stack ready: 0 AHCI disk(s)
[hpet] enabled: base=0xfed00000 period=10000000fs counter=528590
[kmain] enabling interrupts (LAPIC timer ~100Hz)
[lapic] mapped to 0xffff8000fee00000
[lapic] bus freq calibrated via HPET = 1171990000 Hz
[lapic] calibrated LAPIC bus freq = 1171990000 Hz
[lapic] clock source: HPET (1 GHz ns clock)
[lapic] LINT0 configured as ExtINT (8259 source)
[lapic] per-core timer started (slot 0 @ ~100 Hz)
[lapic] LAPIC timer initialized (BSP)
[percpu] GS foundation enabled on slot 0 (gs_base=0xffffffff805438c0, kstack_top=0xffffffff80770000)
[syscall] MSRs configured=true SCE=true STAR=0x28000800000000 LSTAR=0xffffffff80092ddd FMASK=0x300
[kmain] RTC wall clock 2026-09-30 07:47:58
[kmain] wall clock epoch = 1790754478 (Unix secs)
[kmain] monotonic clock ready: now=152356900 ns (152 ms since boot)
[boot] install mode detected: boot disk mbr_disk_id=0x424f5255 partition_index=1
[audio] selfcheck PASS: /devices/audio/dsp reachable, CharacterDevice, 4 attrs readable, unattached write refused
[audio] stream selfcheck PASS: 4 input stream(s) reachable, 4 attrs each, unattached write ACCEPTED (input-end semantics)
[boot] install mode root = 'ata0' partition lba=2048 (EXT2), /programs = pool directory (no built-in fallback)
[ext2] skip 'ramdisk0': volatile=true (data would not survive reboot)
[ext2] skip 'ata0': is the boot/root disk (disk_sig=424F5255), not remounted as a volume
[ext2] skip 'ata1': is the boot/root disk (disk_sig=424F5255), not remounted as a volume
[ext2] no mountable persistent block device; /volumes remains empty
[kmain] initializing SMP
[smp] BSP lapic_id=0, total cpus=4
[smp] fired AP lapic_id=1
[cpu] SMEP=false SMAP=false FSGSBASE=false enabled (CR4=0x20)
[smp] fired AP lapic_id=2
[cpu] SMEP=false SMAP=false FSGSBASE=false enabled (CR4=0x20)
[smp] AP slot 1 percpu enabled (gs_base=0xffffffff80543900, kstack_top=0xffff8000004f4000)
[smp] fired AP lapic_id=3
[cpu] SMEP=false SMAP=false FSGSBASE=false enabled (CR4=0x20)
[smp] AP slot 2 percpu enabled (gs_base=0xffffffff80543940, kstack_top=0xffff80000050c000)
[smp] AP slot 1 syscall MSRs programmed (EFER.SCE=1)
[smp] AP slot 3 percpu enabled (gs_base=0xffffffff80543980, kstack_top=0xffff800000504000)
[smp] AP slot 2 syscall MSRs programmed (EFER.SCE=1)
[lapic] per-core timer started (slot 2 @ ~100 Hz)
[smp] AP slot 3 syscall MSRs programmed (EFER.SCE=1)
[smp] AP online, lapic_id=2
[lapic] per-core timer started (slot 3 @ ~100 Hz)
[lapic] per-core timer started (slot 1 @ ~100 Hz)
[smp] AP online, lapic_id=3
[smp] AP online, lapic_id=1
[kmain] SMP done, 4 cpus online (target 4)
============================================================
BORUIX KERNEL v.0.1.0
Git Commit: ad9de46ded070756443cbfdcc7a541200b422058
Build Timestamp: 1790753577129
============================================================
[imcr] IMCR -> PIC mode (8259 -> LAPIC LINT0)
[kbd] config byte read timed out
[kmain] booting user init (PID 1) ...
[kmain] init: loaded 49520 bytes of init.elf from /programs
[kmain] init: entry=0x400000 stack_top=0x7ffefffffff0
[kmain] init: spawned pid=1 from init.elf
[sched] AP slot 2 idle (fpu ts=true osfxsr=true)
[sched] AP slot 3 idle (fpu ts=true osfxsr=true)

========== CPU EXCEPTION ==========

========== CPU EXCEPTION ==========

========== CPU EXCEPTION ==========

========== CPU EXCEPTION ==========

========== CPU EXCEPTION ==========

========== CPU EXCEPTION ==========

========== CPU EXCEPTION ==========

========== CPU EXCEPTION ==========

========== CPU EXCEPTION ==========

========== CPU EXCEPTION ==========

========== CPU EXCEPTION ==========

========== CPU EXCEPTION ==========

========== CPU EXCEPTION ==========

========== CPU EXCEPTION ==========

========== CPU EXCEPTION ==========

========== CPU EXCEPTION ==========

========== CPU EXCEPTION ==========

========== CPU EXCEPTION ==========

========== CPU EXCEPTION ==========

========== CPU EXCEPTION ==========

========== CPU EXCEPTION ==========

========== CPU EXCEPTION ==========

========== CPU EXCEPTION ==========

========== CPU EXCEPTION ==========

========== CPU EXCEPTION ==========

========== CPU EXCEPTION ==========

========== CPU EXCEPTION ==========

========== CPU EXCEPTION ==========

========== CPU EXCEPTION ==========

========== CPU EXCEPTION ==========

========== CPU EXCEPTION ==========

========== CPU EXCEPTION ==========

========== CPU EXCEPTION ==========

========== CPU EXCEPTION ==========

========== CPU EXCEPTION ==========

========== CPU EXCEPTION ==========

========== CPU EXCEPTION ==========

========== CPU EXCEPTION ==========

========== CPU EXCEPTION ==========

========== CPU EXCEPTION ==========

========== CPU EXCEPTION ==========

========== CPU EXCEPTION ==========

========== CPU EXCEPTION ==========

========== CPU EXCEPTION ==========

========== CPU EXCEPTION ==========

========== CPU EXCEPTION ==========

========== CPU EXCEPTION ==========

========== CPU EXCEPTION ==========

========== CPU EXCEPTION ==========

========== CPU EXCEPTION ==========

========== CPU EXCEPTION ==========

========== CPU EXCEPTION ==========

========== CPU EXCEPTION ==========

========== CPU EXCEPTION ==========

========== CPU EXCEPTION ==========

========== CPU EXCEPTION ==========

========== CPU EXCEPTION ==========

========== CPU EXCEPTION ==========

========== CPU EXCEPTION ==========

========== CPU EXCEPTION ==========

========== CPU EXCEPTION ==========

========== CPU EXCEPTION ==========

========== CPU EXCEPTION ==========

========== CPU EXCEPTION ==========

========== CPU EXCEPTION ==========

========== CPU EXCEPTION ==========

========== CPU EXCEPTION ==========

========== CPU EXCEPTION ==========

========== CPU EXCEPTION ==========

========== CPU EXCEPTION ==========

========== CPU EXCEPTION ==========

========== CPU EXCEPTION ==========

========== CPU EXCEPTION ==========

========== CPU EXCEPTION ==========

========== CPU EXCEPTION ==========

========== CPU EXCEPTION ==========

========== CPU EXCEPTION ==========

========== CPU EXCEPTION ==========

========== CPU EXCEPTION ==========

========== CPU EXCEPTION ==========

========== CPU EXCEPTION ==========

========== CPU EXCEPTION ==========

========== CPU EXCEPTION ==========

========== CPU EXCEPTION ==========

========== CPU EXCEPTION ==========

========== CPU EXCEPTION ==========

========== CPU EXCEPTION ==========

========== CPU EXCEPTION ==========

========== CPU EXCEPTION ==========

========== CPU EXCEPTION ==========

========== CPU EXCEPTION ==========

========== CPU EXCEPTION ==========

========== CPU EXCEPTION ==========

========== CPU EXCEPTION ==========

========== CPU EXCEPTION ==========

========== CPU EXCEPTION ==========

========== CPU EXCEPTION ==========

========== CPU EXCEPTION ==========

========== CPU EXCEPTION ==========

========== CPU EXCEPTION ==========

========== CPU EXCEPTION ==========

========== CPU EXCEPTION ==========

========== CPU EXCEPTION ==========

========== CPU EXCEPTION ==========

========== CPU EXCEPTION ==========

========== CPU EXCEPTION ==========

========== CPU EXCEPTION ==========

========== CPU EXCEPTION ==========

========== CPU EXCEPTION ==========

========== CPU EXCEPTION ==========

========== CPU EXCEPTION ==========

========== CPU EXCEPTION ==========

========== CPU EXCEPTION ==========

========== CPU EXCEPTION ==========

========== CPU EXCEPTION ==========

========== CPU EXCEPTION ==========

========== CPU EXCEPTION ==========

========== CPU EXCEPTION ==========

========== CPU EXCEPTION ==========

========== CPU EXCEPTION ==========

========== CPU EXCEPTION ==========

========== CPU EXCEPTION ==========

========== CPU EXCEPTION ==========

========== CPU EXCEPTION ==========

========== CPU EXCEPTION ==========

========== CPU EXCEPTION ==========

========== CPU EXCEPTION ==========

========== CPU EXCEPTION ==========

========== CPU EXCEPTION ==========

========== CPU EXCEPTION ==========

========== CPU EXCEPTION ==========

========== CPU EXCEPTION ==========

========== CPU EXCEPTION ==========

========== CPU EXCEPTION ==========

========== CPU EXCEPTION ==========

========== CPU EXCEPTION ==========

========== CPU EXCEPTION ==========

========== CPU EXCEPTION ==========

========== CPU EXCEPTION ==========

========== CPU EXCEPTION ==========

========== CPU EXCEPTION ==========

========== CPU EXCEPTION ==========

========== CPU EXCEPTION ==========

========== CPU EXCEPTION ==========

========== CPU EXCEPTION ==========

========== CPU EXCEPTION ==========

========== CPU EXCEPTION ==========

========== CPU EXCEPTION ==========

========== CPU EXCEPTION ==========

========== CPU EXCEPTION ==========

========== CPU EXCEPTION ==========

========== CPU EXCEPTION ==========

========== CPU EXCEPTION ==========

========== CPU EXCEPTION ==========

========== CPU EXCEPTION ==========

========== CPU EXCEPTION ==========

========== CPU EXCEPTION ==========

========== CPU EXCEPTION ==========

========== CPU EXCEPTION ==========

========== CPU EXCEPTION ==========

========== CPU EXCEPTION ==========

========== CPU EXCEPTION ==========

========== CPU EXCEPTION ==========

========== CPU EXCEPTION ==========

========== CPU EXCEPTION ==========

========== CPU EXCEPTION ==========

========== CPU EXCEPTION ==========

========== CPU EXCEPTION ==========

========== CPU EXCEPTION ==========

========== CPU EXCEPTION ==========

========== CPU EXCEPTION ==========

========== CPU EXCEPTION ==========

========== CPU EXCEPTION ==========

========== CPU EXCEPTION ==========

========== CPU EXCEPTION ==========

========== CPU EXCEPTION ==========

========== CPU EXCEPTION ==========

========== CPU EXCEPTION ==========

========== CPU EXCEPTION ==========

========== CPU EXCEPTION ==========

========== CPU EXCEPTION ==========

========== CPU EXCEPTION ==========

========== CPU EXCEPTION ==========

========== CPU EXCEPTION ==========

========== CPU EXCEPTION ==========

========== CPU EXCEPTION ==========

========== CPU EXCEPTION ==========

========== CPU EXCEPTION ==========

========== CPU EXCEPTION ==========

========== CPU EXCEPTION ==========

========== CPU EXCEPTION ==========

========== CPU EXCEPTION ==========

========== CPU EXCEPTION ==========

========== CPU EXCEPTION ==========

========== CPU EXCEPTION ==========

========== CPU EXCEPTION ==========

========== CPU EXCEPTION ==========

========== CPU EXCEPTION ==========

========== CPU EXCEPTION ==========

========== CPU EXCEPTION ==========

========== CPU EXCEPTION ==========

========== CPU EXCEPTION ==========

========== CPU EXCEPTION ==========

========== CPU EXCEPTION ==========

========== CPU EXCEPTION ==========

========== CPU EXCEPTION ==========

========== CPU EXCEPTION ==========

========== CPU EXCEPTION ==========

========== CPU EXCEPTION ==========

========== CPU EXCEPTION ==========

========== CPU EXCEPTION ==========

========== CPU EXCEPTION ==========

========== CPU EXCEPTION ==========

========== CPU EXCEPTION ==========

========== CPU EXCEPTION ==========

========== CPU EXCEPTION ==========

========== CPU EXCEPTION ==========

========== CPU EXCEPTION ==========

========== CPU EXCEPTION ==========

========== CPU EXCEPTION ==========

========== CPU EXCEPTION ==========

========== CPU EXCEPTION ==========

========== CPU EXCEPTION ==========

========== CPU EXCEPTION ==========

========== CPU EXCEPTION ==========

========== CPU EXCEPTION ==========

========== CPU EXCEPTION ==========

========== CPU EXCEPTION ==========

========== CPU EXCEPTION ==========

========== CPU EXCEPTION ==========

========== CPU EXCEPTION ==========

========== CPU EXCEPTION ==========

========== CPU EXCEPTION ==========

========== CPU EXCEPTION ==========

========== CPU EXCEPTION ==========

========== CPU EXCEPTION ==========

========== CPU EXCEPTION ==========

========== CPU EXCEPTION ==========

========== CPU EXCEPTION ==========

========== CPU EXCEPTION ==========

========== CPU EXCEPTION ==========

========== CPU EXCEPTION ==========

========== CPU EXCEPTION ==========

========== CPU EXCEPTION ==========

========== CPU EXCEPTION ==========

========== CPU EXCEPTION ==========

========== CPU EXCEPTION ==========

========== CPU EXCEPTION ==========

========== CPU EXCEPTION ==========

========== CPU EXCEPTION ==========

========== CPU EXCEPTION ==========

========== CPU EXCEPTION ==========

========== CPU EXCEPTION ==========

========== CPU EXCEPTION ==========

========== CPU EXCEPTION ==========
[2J[01;01H[=3h[2J[01;01H[2J[01;01H[=3h[2J[01;01H[2J[01;01H[=3h[2J[01;01HBdsDxe: failed to load Boot0001 "UEFI QEMU HARDDISK QM00001 " from PciRoot(0x0)/Pci(0x1,0x1)/Ata(Primary,Master,0x0): Not Found
BdsDxe: failed to load Boot0002 "UEFI QEMU HARDDISK QM00002 " from PciRoot(0x0)/Pci(0x1,0x1)/Ata(Primary,Slave,0x0): Not Found
BdsDxe: loading Boot0003 "UEFI QEMU QEMU USB HARDDRIVE 1-0000:00:05.0-1" from PciRoot(0x0)/Pci(0x5,0x0)/USB(0x0,0x0)
BdsDxe: starting Boot0003 "UEFI QEMU QEMU USB HARDDRIVE 1-0000:00:05.0-1" from PciRoot(0x0)/Pci(0x5,0x0)/USB(0x0,0x0)
[liftoff] M2b entry
[liftoff] boot services ok
[liftoff] contract: kernel=/boot/kernel base_rev=6
M2A: open failed status=0x800000000000000e
[m2b] block io handles: 7
[m2b] handle 0x6400918: block_size=512 last_block=131071 ro=false
[m2b] handle 0x63fda18: block_size=512 last_block=122879 ro=false
[m2b] handle 0x63fd498: block_size=2048 last_block=0 ro=true
[m2b] not iso9660 (err 0x13)
[m2b] handle 0x65a0d98: block_size=512 last_block=1032191 ro=false
M2B: mount failed status=0x11
[m2c] mbr disk_id=0x424f5255 partition=1 start_lba=2048
M2C: mount ok
[tools] Ç¿ÖÆÖØ½¨´ÅÅÌ¾µÏñ: F:\boruix-project\disk.img (Çå³ý¾ÉÅÌÊý¾Ý)
[tools] Êý¾ÝÅÌÈÝÁ¿°´ÄÚÈÝÍÆËã: 60MB (7 ¸öÎÄ¼þ)
[tools] ÕýÔÚ´´½¨´ÅÅÌ¾µÏñ: F:\boruix-project\disk.img (60MB, 122880 ÉÈÇø)...
[tools] ´ÅÅÌ¾µÏñ´´½¨³É¹¦: F:\boruix-project\disk.img (MBR Partition 1 -> EXT2 FS OK)
[tools] Òýµ¼Æ÷: liftoff (UEFI/OVMF), ESP=F:\boruix-project\esp-liftoff
[tools] ÅÌ²ßÂÔ: redisk + Êý¾ÝÅÌ disk.img
[tools] CPU ÍØÆË: SMP 4 ºË
[tools] Éù¿¨: intel-hda + hda-output -> ±¾»úÀ®°È (dsound)
[tools] ´æ´¢¿ØÖÆÆ÷: PIIX4 IDE (Ä¬ÈÏ)
[tools] Æô¶¯ QEMU: qemu-system-x86_64.exe (boot=c)
